--Results for 'password-req' (Profile: '__tmp__')--
Passed:		1
Mitigated:	0
Failed:		11
Fixed:		0
Not Selected:	0
Not Checked:	0
Not Applicable:	0
Error:		0
Informational:	0
Unknown:	0

--Results for 'PassComp' (Profile: '__tmp__')--
Passed:		0
Mitigated:	0
Failed:		5
Fixed:		0
Not Selected:	0
Not Checked:	0
Not Applicable:	0
Error:		0
Informational:	0
Unknown:	0

