[X]Benchmark - ID: PassComp, Title: 'Password Complexity', Profile: None
	[X]Group - ID: PassComp-G-2-2, Title: 'Password'
		[X]Group - ID: PassComp-G-2-3, Title: 'Password Complexity'
			[X]Rule - ID: PassComp-R-2-1, Title: 'Lowercase'
			[X]Rule - ID: PassComp-R-2-2, Title: 'Min. Length'
			[X]Rule - ID: PassComp-R-2-3, Title: 'Numeric'
			[X]Rule - ID: PassComp-R-2-4, Title: 'Special'
			[X]Rule - ID: PassComp-R-2-5, Title: 'Uppercase'
