Item 'PassComps' could not be found in the imported content
