--Results for 'Passwd' (Profile: 'None')--
Passed:		3
Mitigated:	0
Failed:		0
Fixed:		0
Not Selected:	0
Not Checked:	0
Not Applicable:	0
Error:		0
Informational:	0
Unknown:	0

